[2026-08-14 23:43:05] [INFO] === OI杀 游戏服务器 ===
[2026-08-14 23:43:05] [AUTH] 首次运行: 创建默认超级管理员 superadmin / admin123
[2026-08-14 23:43:05] [INFO] 局域网地址: http://192.168.71.41:8080/
[2026-08-14 23:43:05] [INFO] OI杀 网络服务已启动 端口8080
[2026-08-14 23:43:05] [INFO] 服务器已启动, 监听 8080
[2026-08-14 23:43:42] [AUTH] 用户注册: admin
[2026-08-14 23:43:42] [AUTH] 用户登录: admin (角色:user)
[2026-08-14 23:44:57] [AUTH] 用户登录: superadmin (角色:superadmin)
[2026-08-14 23:45:13] [ACTION] 封禁: admin
[2026-08-14 23:45:13] [ACTION] 封禁 superadmin封禁 uid=2
[2026-08-14 23:45:14] [ACTION] 解封: admin
[2026-08-14 23:45:14] [ACTION] 封禁 superadmin解封 uid=2
[2026-08-14 23:45:15] [ACTION] 封禁: admin
[2026-08-14 23:45:15] [ACTION] 封禁 superadmin封禁 uid=2
[2026-08-14 23:45:46] [AUTH] 用户登录: superadmin (角色:superadmin)
[2026-08-14 23:45:50] [ACTION] 创建 superadmin 房间 #1 (4人 公开)
[2026-08-14 23:47:17] [INFO] === OI杀 游戏服务器 ===
[2026-08-14 23:47:17] [INFO] 局域网地址: http://192.168.71.41:8080/
[2026-08-14 23:47:17] [INFO] OI杀 网络服务已启动 端口8080
[2026-08-14 23:47:17] [INFO] 服务器已启动, 监听 8080
[2026-08-14 23:53:09] [INFO] === OI杀 游戏服务器 ===
[2026-08-14 23:53:09] [INFO] 局域网地址: http://192.168.71.41:8080/
[2026-08-14 23:53:09] [INFO] OI杀 网络服务已启动 端口8080
[2026-08-14 23:53:09] [INFO] 服务器已启动, 监听 8080
[2026-08-14 23:53:27] [AUTH] 用户登录: superadmin (角色:superadmin)
[2026-08-14 23:53:34] [ACTION] 创建 superadmin 房间 #1 (4人 公开)
[2026-08-14 23:55:05] [AUTH] 用户登录: superadmin (角色:superadmin)
[2026-08-14 23:55:11] [ACTION] 创建 superadmin 房间 #2 (4人 公开)
