[2026-08-15 00:18:31] [INFO] === OI杀 游戏服务器 ===
[2026-08-15 00:18:31] [INFO] 局域网地址: http://192.168.71.41:8080/
[2026-08-15 00:18:31] [INFO] OI杀 网络服务已启动 端口8080
[2026-08-15 00:18:31] [INFO] 服务器已启动, 监听 8080
[2026-08-15 00:18:38] [AUTH] 用户登录: superadmin (角色:superadmin)
[2026-08-15 00:18:38] [ACTION] 创建 superadmin 房间 #1 (4人 公开)
[2026-08-15 00:18:50] [AUTH] 用户登录: superadmin (角色:superadmin)
[2026-08-15 00:18:56] [AUTH] 用户注册: alice
[2026-08-15 00:18:56] [AUTH] 用户登录: alice (角色:user)
[2026-08-15 00:18:57] [ACTION] 创建 alice 房间 #2 (4人 公开)
[2026-08-15 00:19:03] [AUTH] 用户注册: bob
[2026-08-15 00:19:03] [AUTH] 用户登录: bob (角色:user)
[2026-08-15 00:19:03] [ACTION] 创建 bob 房间 #3 (3人 公开)
[2026-08-15 00:19:57] [AUTH] 用户注册: t11786724397720
[2026-08-15 00:19:57] [AUTH] 用户注册: t21786724397720
[2026-08-15 00:19:57] [AUTH] 用户注册: t31786724397720
[2026-08-15 00:19:58] [AUTH] 用户登录: t11786724397720 (角色:user)
[2026-08-15 00:19:58] [AUTH] 用户登录: t21786724397720 (角色:user)
[2026-08-15 00:19:58] [AUTH] 用户登录: t31786724397720 (角色:user)
[2026-08-15 00:20:09] [AUTH] 用户注册: t11786724409449
[2026-08-15 00:20:22] [AUTH] 用户注册: t11786724422254
[2026-08-15 00:20:33] [AUTH] 用户注册: zz1
[2026-08-15 00:20:34] [AUTH] 用户注册: zz2
[2026-08-15 00:20:34] [AUTH] 用户注册: zz3
[2026-08-15 00:20:47] [AUTH] 用户注册: t11786724447483
[2026-08-15 00:20:56] [AUTH] 用户注册: qa1
[2026-08-15 00:21:00] [AUTH] 用户注册: qa2
[2026-08-15 00:21:07] [AUTH] 用户注册: qb1
[2026-08-15 00:21:21] [AUTH] 用户注册: qc1
[2026-08-15 00:21:28] [AUTH] 用户注册: qc2
[2026-08-15 00:21:42] [AUTH] 用户注册: t11786724502654
[2026-08-15 00:21:50] [AUTH] 用户注册: qd1
[2026-08-15 00:21:59] [AUTH] 用户注册: t11786724519699
[2026-08-15 00:21:59] [AUTH] 用户注册: t21786724519699
[2026-08-15 00:21:59] [AUTH] 用户注册: t31786724519699
[2026-08-15 00:21:59] [AUTH] 用户登录: t11786724519699 (角色:user)
[2026-08-15 00:22:00] [AUTH] 用户登录: t21786724519699 (角色:user)
[2026-08-15 00:22:00] [AUTH] 用户登录: t31786724519699 (角色:user)
[2026-08-15 00:22:00] [ACTION] 创建 t11786724519699 房间 #4 (3人 公开)
[2026-08-15 00:22:00] [ACTION] 加入 t21786724519699 房间 #4
[2026-08-15 00:22:00] [ACTION] 加入 t31786724519699 房间 #4
[2026-08-15 00:22:11] [AUTH] 用户注册: t11786724531397
[2026-08-15 00:22:11] [AUTH] 用户注册: t21786724531397
[2026-08-15 00:22:11] [AUTH] 用户注册: t31786724531397
[2026-08-15 00:22:11] [AUTH] 用户登录: t11786724531397 (角色:user)
[2026-08-15 00:22:11] [AUTH] 用户登录: t21786724531397 (角色:user)
[2026-08-15 00:22:11] [AUTH] 用户登录: t31786724531397 (角色:user)
[2026-08-15 00:22:12] [ACTION] 创建 t11786724531397 房间 #5 (3人 公开)
[2026-08-15 00:22:12] [ACTION] 加入 t21786724531397 房间 #5
[2026-08-15 00:22:12] [ACTION] 加入 t31786724531397 房间 #5
[2026-08-15 00:22:13] [ACTION] 房主 t11786724531397 退出, 关闭房间 #5
[2026-08-15 00:22:38] [AUTH] 用户注册: t11786724558337
[2026-08-15 00:22:38] [AUTH] 用户注册: t21786724558337
[2026-08-15 00:22:38] [AUTH] 用户注册: t31786724558337
[2026-08-15 00:22:38] [AUTH] 用户登录: t11786724558337 (角色:user)
[2026-08-15 00:22:38] [AUTH] 用户登录: t21786724558337 (角色:user)
[2026-08-15 00:22:38] [AUTH] 用户登录: t31786724558337 (角色:user)
[2026-08-15 00:22:38] [ACTION] 创建 t11786724558337 房间 #6 (3人 公开)
[2026-08-15 00:22:39] [ACTION] 加入 t21786724558337 房间 #6
[2026-08-15 00:22:39] [ACTION] 加入 t31786724558337 房间 #6
[2026-08-15 00:22:41] [ACTION] 房主 t11786724558337 退出, 关闭房间 #6
[2026-08-15 00:23:57] [AUTH] 用户注册: t11786724637332
[2026-08-15 00:23:57] [AUTH] 用户注册: t21786724637332
[2026-08-15 00:23:57] [AUTH] 用户注册: t31786724637332
[2026-08-15 00:23:57] [AUTH] 用户登录: t11786724637332 (角色:user)
[2026-08-15 00:23:57] [AUTH] 用户登录: t21786724637332 (角色:user)
[2026-08-15 00:23:57] [AUTH] 用户登录: t31786724637332 (角色:user)
[2026-08-15 00:23:57] [ACTION] 创建 t11786724637332 房间 #7 (3人 公开)
[2026-08-15 00:23:58] [ACTION] 加入 t21786724637332 房间 #7
[2026-08-15 00:23:58] [ACTION] 加入 t31786724637332 房间 #7
[2026-08-15 00:24:01] [ACTION] 房主 t11786724637332 退出, 关闭房间 #7
[2026-08-15 00:24:17] [AUTH] 用户注册: t11786724657557
[2026-08-15 00:24:17] [AUTH] 用户注册: t21786724657557
[2026-08-15 00:24:17] [AUTH] 用户注册: t31786724657557
[2026-08-15 00:24:17] [AUTH] 用户登录: t11786724657557 (角色:user)
[2026-08-15 00:24:17] [AUTH] 用户登录: t21786724657557 (角色:user)
[2026-08-15 00:24:17] [AUTH] 用户登录: t31786724657557 (角色:user)
[2026-08-15 00:24:18] [ACTION] 创建 t11786724657557 房间 #8 (3人 公开)
[2026-08-15 00:24:18] [ACTION] 加入 t21786724657557 房间 #8
[2026-08-15 00:24:18] [ACTION] 加入 t31786724657557 房间 #8
[2026-08-15 00:24:21] [ACTION] 房主 t11786724657557 退出, 关闭房间 #8
[2026-08-15 00:24:26] [AUTH] 用户注册: t11786724666767
[2026-08-15 00:24:26] [AUTH] 用户注册: t21786724666767
[2026-08-15 00:24:26] [AUTH] 用户注册: t31786724666767
[2026-08-15 00:24:27] [AUTH] 用户登录: t11786724666767 (角色:user)
[2026-08-15 00:24:27] [AUTH] 用户登录: t21786724666767 (角色:user)
[2026-08-15 00:24:27] [AUTH] 用户登录: t31786724666767 (角色:user)
[2026-08-15 00:24:27] [ACTION] 创建 t11786724666767 房间 #9 (3人 公开)
[2026-08-15 00:24:27] [ACTION] 加入 t21786724666767 房间 #9
[2026-08-15 00:24:27] [ACTION] 加入 t31786724666767 房间 #9
[2026-08-15 00:24:32] [ACTION] 房主 t11786724666767 退出, 关闭房间 #9
[2026-08-15 00:25:39] [AUTH] 用户注册: t11786724739138
[2026-08-15 00:25:39] [AUTH] 用户注册: t21786724739138
[2026-08-15 00:25:39] [AUTH] 用户注册: t31786724739138
[2026-08-15 00:25:39] [AUTH] 用户登录: t11786724739138 (角色:user)
[2026-08-15 00:25:39] [AUTH] 用户登录: t21786724739138 (角色:user)
[2026-08-15 00:25:39] [AUTH] 用户登录: t31786724739138 (角色:user)
[2026-08-15 00:25:39] [ACTION] 创建 t11786724739138 房间 #10 (3人 公开)
[2026-08-15 00:25:39] [ACTION] 加入 t21786724739138 房间 #10
[2026-08-15 00:25:39] [ACTION] 加入 t31786724739138 房间 #10
[2026-08-15 00:25:40] [ACTION] 房主 t11786724739138 退出, 关闭房间 #10
[2026-08-15 00:26:48] [INFO] === OI杀 游戏服务器 ===
[2026-08-15 00:26:48] [INFO] 局域网地址: http://192.168.71.41:8080/
[2026-08-15 00:26:48] [INFO] OI杀 网络服务已启动 端口8080
[2026-08-15 00:26:48] [INFO] 服务器已启动, 监听 8080
[2026-08-15 00:26:55] [AUTH] 用户登录: superadmin (角色:superadmin)
[2026-08-15 00:27:00] [AUTH] 用户注册: t11786724820276
[2026-08-15 00:27:00] [AUTH] 用户注册: t21786724820276
[2026-08-15 00:27:00] [AUTH] 用户注册: t31786724820276
[2026-08-15 00:27:00] [AUTH] 用户登录: t11786724820276 (角色:user)
[2026-08-15 00:27:00] [AUTH] 用户登录: t21786724820276 (角色:user)
[2026-08-15 00:27:00] [AUTH] 用户登录: t31786724820276 (角色:user)
[2026-08-15 00:27:00] [ACTION] 创建 t11786724820276 房间 #1 (3人 公开)
[2026-08-15 00:27:00] [ACTION] 加入 t21786724820276 房间 #1
[2026-08-15 00:27:01] [ACTION] 加入 t31786724820276 房间 #1
[2026-08-15 00:27:02] [ACTION] 房主 t11786724820276 退出, 关闭房间 #1
[2026-08-15 00:27:43] [INFO] === OI杀 游戏服务器 ===
[2026-08-15 00:27:43] [INFO] 局域网地址: http://192.168.71.41:8080/
[2026-08-15 00:27:43] [INFO] OI杀 网络服务已启动 端口8080
[2026-08-15 00:27:43] [INFO] 服务器已启动, 监听 8080
[2026-08-15 00:27:46] [AUTH] 用户登录: superadmin (角色:superadmin)
[2026-08-15 00:29:08] [INFO] === OI杀 游戏服务器 ===
[2026-08-15 00:29:08] [INFO] 局域网地址: http://192.168.71.41:8080/
[2026-08-15 00:29:08] [INFO] OI杀 网络服务已启动 端口8080
[2026-08-15 00:29:08] [INFO] 服务器已启动, 监听 8080
[2026-08-15 00:29:11] [AUTH] 用户登录: superadmin (角色:superadmin)
[2026-08-15 00:29:12] [ACTION] 创建 superadmin 房间 #1 (4人 公开)
[2026-08-15 00:29:17] [AUTH] 用户登录: superadmin (角色:superadmin)
[2026-08-15 00:29:17] [ACTION] 关闭 superadmin 房间 #1
[2026-08-15 00:31:10] [AUTH] 用户登录: superadmin (角色:superadmin)
[2026-08-15 00:35:16] [ACTION] 创建 superadmin 房间 #2 (4人 公开)
[2026-08-15 00:35:49] [ACTION] 房主 superadmin 退出, 关闭房间 #2
[2026-08-15 00:36:27] [ACTION] 创建 superadmin 房间 #3 (4人 公开)
[2026-08-15 00:36:29] [ACTION] 房主 superadmin 退出, 关闭房间 #3
[2026-08-15 00:38:00] [ACTION] 解封: admin
[2026-08-15 00:38:00] [ACTION] 封禁 superadmin解封 uid=2
[2026-08-15 00:38:15] [AUTH] 用户登录: superadmin (角色:superadmin)
[2026-08-15 00:41:19] [AUTH] 用户登录: admin (角色:user)
[2026-08-15 00:41:32] [ACTION] 创建 superadmin 房间 #4 (4人 公开)
[2026-08-15 00:42:43] [ACTION] 房主 superadmin 退出, 关闭房间 #4
[2026-08-15 00:42:45] [ACTION] 创建 superadmin 房间 #5 (4人 公开)
[2026-08-15 00:43:21] [ACTION] 房主 superadmin 退出, 关闭房间 #5
[2026-08-15 00:43:22] [ACTION] 创建 superadmin 房间 #6 (4人 公开)
[2026-08-15 00:44:11] [ACTION] 房主 superadmin 退出, 关闭房间 #6
[2026-08-15 00:44:19] [AUTH] 用户登录: superadmin (角色:superadmin)
[2026-08-15 00:46:30] [ACTION] 创建 superadmin 房间 #7 (4人 公开)
[2026-08-15 00:46:40] [ACTION] 加入 admin 房间 #7
[2026-08-15 00:46:52] [ACTION] 房主 superadmin 退出, 关闭房间 #7
[2026-08-15 00:48:17] [ACTION] 创建 superadmin 房间 #8 (4人 公开)
[2026-08-15 00:50:09] [ACTION] 加入 admin 房间 #8
[2026-08-15 00:50:15] [ACTION] 加入 admin 房间 #8
[2026-08-15 00:52:48] [AUTH] 用户登录: admin (角色:user)
[2026-08-15 00:52:51] [ACTION] 房主 superadmin 退出, 关闭房间 #8
[2026-08-15 00:53:01] [AUTH] 用户登录: admin (角色:user)
[2026-08-15 01:03:10] [INFO] === OI杀 游戏服务器 ===
[2026-08-15 01:03:10] [INFO] 局域网地址: http://192.168.71.41:8080/
[2026-08-15 01:03:10] [INFO] OI杀 网络服务已启动 端口8080
[2026-08-15 01:03:10] [INFO] 服务器已启动, 监听 8080
[2026-08-15 01:03:15] [AUTH] 用户注册: k11786726995091
[2026-08-15 01:03:15] [AUTH] 用户注册: k21786726995091
[2026-08-15 01:03:15] [AUTH] 用户注册: k31786726995091
[2026-08-15 01:03:15] [AUTH] 用户注册: kx1786726995091
[2026-08-15 01:03:15] [AUTH] 用户登录: k11786726995091 (角色:user)
[2026-08-15 01:03:15] [AUTH] 用户登录: k21786726995091 (角色:user)
[2026-08-15 01:03:15] [AUTH] 用户登录: k31786726995091 (角色:user)
[2026-08-15 01:03:15] [AUTH] 用户登录: kx1786726995091 (角色:user)
[2026-08-15 01:03:15] [ACTION] 创建 k11786726995091 房间 #1 (4人 公开)
[2026-08-15 01:03:16] [ACTION] 房主 k11786726995091 退出, 关闭房间 #1
[2026-08-15 01:03:16] [ACTION] 创建 k11786726995091 房间 #2 (3人 公开)
[2026-08-15 01:03:16] [ACTION] 加入 k21786726995091 房间 #2
[2026-08-15 01:03:16] [ACTION] 加入 k31786726995091 房间 #2
[2026-08-15 01:03:16] [ACTION] 房主 k11786726995091 退出, 关闭房间 #2
[2026-08-15 01:03:17] [AUTH] 用户登录: kx1786726995091 (角色:user)
[2026-08-15 01:03:17] [ACTION] 顶号: kx1786726995091 在另一设备登录, 旧连接被强制下线
[2026-08-15 01:03:36] [AUTH] 用户注册: k11786727016109
[2026-08-15 01:03:36] [AUTH] 用户注册: k21786727016109
[2026-08-15 01:03:36] [AUTH] 用户注册: k31786727016109
[2026-08-15 01:03:36] [AUTH] 用户注册: kx1786727016109
[2026-08-15 01:03:36] [AUTH] 用户登录: k11786727016109 (角色:user)
[2026-08-15 01:03:36] [AUTH] 用户登录: k21786727016109 (角色:user)
[2026-08-15 01:03:36] [AUTH] 用户登录: k31786727016109 (角色:user)
[2026-08-15 01:03:36] [AUTH] 用户登录: kx1786727016109 (角色:user)
[2026-08-15 01:03:36] [ACTION] 创建 k11786727016109 房间 #3 (4人 公开)
[2026-08-15 01:03:37] [ACTION] 房主 k11786727016109 退出, 关闭房间 #3
[2026-08-15 01:03:37] [ACTION] 创建 k11786727016109 房间 #4 (3人 公开)
[2026-08-15 01:03:37] [ACTION] 加入 k21786727016109 房间 #4
[2026-08-15 01:03:37] [ACTION] 加入 k31786727016109 房间 #4
[2026-08-15 01:05:35] [ACTION] 房主 k11786727016109 退出, 关闭房间 #4
[2026-08-15 01:06:04] [AUTH] 用户注册: k11786727164777
[2026-08-15 01:06:04] [AUTH] 用户注册: k21786727164777
[2026-08-15 01:06:05] [AUTH] 用户注册: k31786727164777
[2026-08-15 01:06:05] [AUTH] 用户注册: kx1786727164777
[2026-08-15 01:06:05] [AUTH] 用户登录: k11786727164777 (角色:user)
[2026-08-15 01:06:05] [AUTH] 用户登录: k21786727164777 (角色:user)
[2026-08-15 01:06:05] [AUTH] 用户登录: k31786727164777 (角色:user)
[2026-08-15 01:06:05] [AUTH] 用户登录: kx1786727164777 (角色:user)
[2026-08-15 01:06:05] [ACTION] 创建 k11786727164777 房间 #5 (4人 公开)
[2026-08-15 01:06:06] [ACTION] 房主 k11786727164777 退出, 关闭房间 #5
[2026-08-15 01:06:06] [ACTION] 创建 k11786727164777 房间 #6 (3人 公开)
[2026-08-15 01:06:06] [ACTION] 加入 k21786727164777 房间 #6
[2026-08-15 01:06:06] [ACTION] 加入 k31786727164777 房间 #6
[2026-08-15 01:06:07] [ACTION] 房主 k11786727164777 退出, 关闭房间 #6
[2026-08-15 01:06:08] [AUTH] 用户登录: kx1786727164777 (角色:user)
[2026-08-15 01:06:08] [ACTION] 顶号: kx1786727164777 在另一设备登录, 旧连接被强制下线
[2026-08-15 01:07:19] [INFO] === OI杀 游戏服务器 ===
[2026-08-15 01:07:19] [INFO] 局域网地址: http://192.168.71.41:8080/
[2026-08-15 01:07:19] [INFO] OI杀 网络服务已启动 端口8080
[2026-08-15 01:07:19] [INFO] 服务器已启动, 监听 8080
[2026-08-15 01:07:22] [AUTH] 用户登录: superadmin (角色:superadmin)
[2026-08-15 01:08:03] [AUTH] 用户登录: superadmin (角色:superadmin)
[2026-08-15 01:08:40] [ACTION] 创建 superadmin 房间 #1 (4人 公开)
[2026-08-15 01:09:22] [ACTION] 解封: admin
[2026-08-15 01:09:22] [ACTION] 封禁 superadmin解封 uid=2
[2026-08-15 01:09:32] [AUTH] 用户登录: admin (角色:user)
[2026-08-15 01:09:43] [ACTION] 顶号: admin 在另一设备登录, 旧连接被强制下线
[2026-08-15 01:09:55] [AUTH] 用户登录: admin (角色:user)
[2026-08-15 01:10:02] [ACTION] 顶号: admin 在另一设备登录, 旧连接被强制下线
[2026-08-15 01:10:08] [ACTION] 房主 superadmin 退出, 关闭房间 #1
